// Jest Snapshot v1, https://goo.gl/fbAQLP

exports[`Single Tag Index Page renders successfully 1`] = `
<Layout>
  <SEO
    title="Topic Tags"
  />
  <div
    style={
      Object {
        "alignItems": "center",
        "display": "flex",
        "flexFlow": "row wrap",
        "justifyContent": "space-between",
        "margin": "0 auto",
        "width": "75%",
      }
    }
  >
    <TagLink
      number={3}
      tagName="Web"
    />
    <TagLink
      number={3}
      tagName="Frontend"
    />
  </div>
</Layout>
`;
