// Jest Snapshot v1, https://goo.gl/fbAQLP

exports[`Single Tag Index Page renders successfully 1`] = `
<Layout>
  <SEO
    title="Topic Tags"
  />
  <div>
    <ul>
      <li>
        <mockConstructor
          className="tag-link"
          to="web"
        >
          Web
        </mockConstructor>
        <span
          style={
            Object {
              "paddingLeft": "2rem",
            }
          }
        >
          3
        </span>
      </li>
      <li>
        <mockConstructor
          className="tag-link"
          to="frontend"
        >
          Frontend
        </mockConstructor>
        <span
          style={
            Object {
              "paddingLeft": "2rem",
            }
          }
        >
          3
        </span>
      </li>
    </ul>
  </div>
</Layout>
`;
