// Jest Snapshot v1, https://goo.gl/fbAQLP

exports[`Single Tag Index Page renders successfully 1`] = `
<Layout>
  <SEO
    title="Brain Index"
  />
  <div
    style={
      Object {
        "fontFamily": "sans-serif",
        "margin": "auto",
        "marginBottom": "1rem",
        "textAlign": "center",
      }
    }
  >
    <mockConstructor
      className="tag-link"
      data-testid="browse-by-tag"
      to="/tags"
    >
      Browse by Tag
    </mockConstructor>
  </div>
  <hr />
  <div
    style={
      Object {
        "alignItems": "center",
        "display": "flex",
        "flexDirection": "column",
        "fontFamily": "sans-serif",
      }
    }
  >
    <div
      style={
        Object {
          "marginBottom": "1rem",
        }
      }
    >
      <mockConstructor
        className="blog-link"
        data-testid="blog-post-0"
        to="/javascript"
      >
        Javascript
      </mockConstructor>
    </div>
    <div
      style={
        Object {
          "marginBottom": "1rem",
        }
      }
    >
      <mockConstructor
        className="blog-link"
        data-testid="blog-post-1"
        to="/javascript"
      >
        Javascript
      </mockConstructor>
    </div>
    <div
      style={
        Object {
          "marginBottom": "1rem",
        }
      }
    >
      <mockConstructor
        className="blog-link"
        data-testid="blog-post-2"
        to="/javascript"
      >
        Javascript
      </mockConstructor>
    </div>
  </div>
</Layout>
`;
