// Jest Snapshot v1, https://goo.gl/fbAQLP

exports[`Single Tag Index Page renders successfully 1`] = `
<Layout>
  <SEO
    title="Web"
  />
  <h1>
    Posts related to: 
    Web
  </h1>
  <div>
    <ul>
      <li>
        <mockConstructor
          className="blog-link"
          to="/javascript"
        >
          Javascript
        </mockConstructor>
      </li>
      <li>
        <mockConstructor
          className="blog-link"
          to="/javascript"
        >
          Javascript
        </mockConstructor>
      </li>
      <li>
        <mockConstructor
          className="blog-link"
          to="/javascript"
        >
          Javascript
        </mockConstructor>
      </li>
    </ul>
  </div>
</Layout>
`;
